
> twilight-space@0.1.0 build
> next build

   ??Next.js 16.0.10 (Turbopack)
   - Environments: .env.local

   Creating an optimized production build ...
 ??Compiled successfully in 2.1s
   Running TypeScript ...
node.exe : Failed to
 compile.
위치 줄:1 문자:1
+ & "C:\Program File
s\nodejs/node.exe" "
C:\Program Files\nod
ejs/node_mo ...
+ ~~~~~~~~~~~~~~~~~~
~~~~~~~~~~~~~~~~~~~~
~~~~~~~~~~~~~~~~~~~~
~~~~~~~~~~~
    + CategoryInfo  
            : NotS  
  pecified: (Fail   
 ed to compile.:    
String) [], Rem    o
teException
    + FullyQualifie 
   dErrorId : Nati  
  veCommandError
 

./app/admin/page.tsx
:429:79
Type error: Type 'st
ring | null' is not 
assignable to type '
string | undefined'.
  Type 'null' is not
 assignable to type 
'string | undefined'
.

[0m [90m 427 |[39
m                   
                    
          [33m<[39
m[33m/[39m[33mtd
[39m[33m>[39m
 [90m 428 |[39m   
                    
                    
      [33m<[39m[3
3mtd[39m className
[33m=[39m[32m"px-6
 py-4 text-sm text-g
ray-500 max-w-xs"[3
9m[33m>[39m
[31m[1m>[22m[39m
[90m 429 |[39m    
                    
                    
         [33m<[39m
[33mdiv[39m classN
ame[33m=[39m[32m"
truncate"[39m title
[33m=[39m{res[33m
.[39mpurpose}[33m>
[39m{res[33m.[39m
purpose}[33m<[39m
[33m/[39m[33mdiv[
39m[33m>[39m
 [90m     |[39m   
                    
                    
                    
                [31
m[1m^[22m[39m
 [90m 430 |[39m   
                    
                    
          [33m<[39
m[33mdiv[39m class
Name[33m=[39m[32m
"font-medium text-gr
ay-900"[39m[33m>[
39m{res[33m.[39mto
tal_price [33m?[39
m [32m`??{res.total
_price.toLocaleStrin
g()}`[39m [33m:[3
9m [32m'-'[39m}[3
3m<[39m[33m/[39m
[33mdiv[39m[33m>[
39m
 [90m 431 |[39m   
                    
                    
      [33m<[39m[3
3m/[39m[33mtd[39m
[33m>[39m
 [90m 432 |[39m   
                    
                    
      [33m<[39m[3
3mtd[39m className
[33m=[39m[32m"px-6
 py-4 whitespace-now
rap text-right text-
sm font-medium"[39m
[33m>[39m[0m
Next.js build worker
 exited with code: 1
 and signal: null
